log: message from: li 
Message: WR is message from ./AnotherDomain/li_WR


