log: Server Start.

log: gevent fifo made.

log: Invalid command, should be connect informaiton

