client1_RD
client1_WR
client2_RD
client2_WR
client3_RD
client3_WR
client4_RD
client4_WR
nestedDomain
