log: message from: alice 
Message: WR is Cont message from ./TheDomain/alice_WR
Order 1


log: message from: alice 
Message: WR is Cont message from ./TheDomain/alice_WR
Order 2


