client5_RD
client5_WR
client6_RD
client6_WR
client7_RD
client7_WR
