log: Server Start.

log: gevent fifo made.

log: Connected: client: bob -- domain: TheDomain

log: Connected: client: alice -- domain: TheDomain

log: Connected: client: jack -- domain: AnotherDomain

log: Connected: client: li -- domain: AnotherDomain

