log: alice got ping from handler

log: alice send pong to handler

log: alice got ping from handler

log: alice send pong to handler

