log: Server Start.

log: gevent fifo made.

log: Connected: client: bob -- domain: TheDomain

log: Connected: client: alice -- domain: TheDomain

log: No pong reply from alice, process been cleaned

